<?xml version="1.0" encoding="UTF-8"?>
<testsuites name="jest tests" tests="2" failures="0" errors="0" time="0.379">
  <testsuite name="404 notFound Handler Tests" errors="0" failures="0" skipped="0" timestamp="2024-01-06T17:09:12" time="0.283" tests="1">
    <testcase classname="404 notFound Handler Tests should return 404 for non-existent route" name="404 notFound Handler Tests should return 404 for non-existent route" time="0.013">
    </testcase>
  </testsuite>
  <testsuite name="500 Internal Server Error Handler Tests" errors="0" failures="0" skipped="0" timestamp="2024-01-06T17:09:12" time="0.072" tests="1">
    <testcase classname="500 Internal Server Error Handler Tests should return 500 for an internal server error" name="500 Internal Server Error Handler Tests should return 500 for an internal server error" time="0.003">
    </testcase>
  </testsuite>
</testsuites>